// Jest Snapshot v1, https://goo.gl/fbAQLP

exports[`RegisterPage should render form field 1`] = `
Object {
  "asFragment": [Function],
  "baseElement": <body>
    <div>
      <div
        class="sc-iBYQkv dKrEZN"
        display="flex"
      >
        <form
          class="form"
        >
          <div
            class="sc-gswNZR kPWjWl"
          >
            <div
              class="sc-hLBbgP dMMVby"
            >
              <label
                class="sc-eDvSVe fHxpEk"
                for="username"
              >
                Username
              </label>
            </div>
            <input
              class="sc-bcXHqe iLzThh"
              id="username"
              name="username"
              type="text"
            />
          </div>
          <section
            class="nameFieldRow"
          >
            <div
              class="sc-gswNZR kPWjWl"
            >
              <div
                class="sc-hLBbgP dMMVby"
              >
                <label
                  class="sc-eDvSVe fHxpEk"
                  for="firstName"
                >
                  First Name
                </label>
              </div>
              <input
                class="sc-bcXHqe iLzThh"
                id="firstName"
                name="firstName"
                type="text"
              />
            </div>
            <div
              class="sc-gswNZR kPWjWl"
            >
              <div
                class="sc-hLBbgP dMMVby"
              >
                <label
                  class="sc-eDvSVe fHxpEk"
                  for="lastName"
                >
                  Last Name
                </label>
              </div>
              <input
                class="sc-bcXHqe iLzThh"
                id="lastName"
                name="lastName"
                type="text"
              />
            </div>
          </section>
          <div
            class="sc-gswNZR kPWjWl"
          >
            <div
              class="sc-hLBbgP dMMVby"
            >
              <label
                class="sc-eDvSVe fHxpEk"
                for="password"
              >
                Password
              </label>
            </div>
            <div
              class="passwordContainer"
            >
              <input
                class="sc-bcXHqe iLzThh"
                id="password"
                name="password"
                type="password"
              />
              <svg
                cursor="pointer"
                fill="currentColor"
                height="24"
                stroke="currentColor"
                stroke-width="0"
                viewBox="0 0 1024 1024"
                width="24"
                xmlns="http://www.w3.org/2000/svg"
              >
                <path
                  d="M396 512a112 112 0 1 0 224 0 112 112 0 1 0-224 0zm546.2-25.8C847.4 286.5 704.1 186 512 186c-192.2 0-335.4 100.5-430.2 300.3a60.3 60.3 0 0 0 0 51.5C176.6 737.5 319.9 838 512 838c192.2 0 335.4-100.5 430.2-300.3 7.7-16.2 7.7-35 0-51.5zM508 688c-97.2 0-176-78.8-176-176s78.8-176 176-176 176 78.8 176 176-78.8 176-176 176z"
                />
              </svg>
            </div>
          </div>
          <button
            class="sc-gKPRtg fFWYtE button"
          >
            Create My Account
          </button>
          <div
            class="footerText"
          >
            <span>
              Already have an account? 
            </span>
            <a
              href="/login"
            >
              <span>
                Login
              </span>
            </a>
          </div>
        </form>
      </div>
    </div>
  </body>,
  "container": <div>
    <div
      class="sc-iBYQkv dKrEZN"
      display="flex"
    >
      <form
        class="form"
      >
        <div
          class="sc-gswNZR kPWjWl"
        >
          <div
            class="sc-hLBbgP dMMVby"
          >
            <label
              class="sc-eDvSVe fHxpEk"
              for="username"
            >
              Username
            </label>
          </div>
          <input
            class="sc-bcXHqe iLzThh"
            id="username"
            name="username"
            type="text"
          />
        </div>
        <section
          class="nameFieldRow"
        >
          <div
            class="sc-gswNZR kPWjWl"
          >
            <div
              class="sc-hLBbgP dMMVby"
            >
              <label
                class="sc-eDvSVe fHxpEk"
                for="firstName"
              >
                First Name
              </label>
            </div>
            <input
              class="sc-bcXHqe iLzThh"
              id="firstName"
              name="firstName"
              type="text"
            />
          </div>
          <div
            class="sc-gswNZR kPWjWl"
          >
            <div
              class="sc-hLBbgP dMMVby"
            >
              <label
                class="sc-eDvSVe fHxpEk"
                for="lastName"
              >
                Last Name
              </label>
            </div>
            <input
              class="sc-bcXHqe iLzThh"
              id="lastName"
              name="lastName"
              type="text"
            />
          </div>
        </section>
        <div
          class="sc-gswNZR kPWjWl"
        >
          <div
            class="sc-hLBbgP dMMVby"
          >
            <label
              class="sc-eDvSVe fHxpEk"
              for="password"
            >
              Password
            </label>
          </div>
          <div
            class="passwordContainer"
          >
            <input
              class="sc-bcXHqe iLzThh"
              id="password"
              name="password"
              type="password"
            />
            <svg
              cursor="pointer"
              fill="currentColor"
              height="24"
              stroke="currentColor"
              stroke-width="0"
              viewBox="0 0 1024 1024"
              width="24"
              xmlns="http://www.w3.org/2000/svg"
            >
              <path
                d="M396 512a112 112 0 1 0 224 0 112 112 0 1 0-224 0zm546.2-25.8C847.4 286.5 704.1 186 512 186c-192.2 0-335.4 100.5-430.2 300.3a60.3 60.3 0 0 0 0 51.5C176.6 737.5 319.9 838 512 838c192.2 0 335.4-100.5 430.2-300.3 7.7-16.2 7.7-35 0-51.5zM508 688c-97.2 0-176-78.8-176-176s78.8-176 176-176 176 78.8 176 176-78.8 176-176 176z"
              />
            </svg>
          </div>
        </div>
        <button
          class="sc-gKPRtg fFWYtE button"
        >
          Create My Account
        </button>
        <div
          class="footerText"
        >
          <span>
            Already have an account? 
          </span>
          <a
            href="/login"
          >
            <span>
              Login
            </span>
          </a>
        </div>
      </form>
    </div>
  </div>,
  "debug": [Function],
  "findAllByAltText": [Function],
  "findAllByDisplayValue": [Function],
  "findAllByLabelText": [Function],
  "findAllByPlaceholderText": [Function],
  "findAllByRole": [Function],
  "findAllByTestId": [Function],
  "findAllByText": [Function],
  "findAllByTitle": [Function],
  "findByAltText": [Function],
  "findByDisplayValue": [Function],
  "findByLabelText": [Function],
  "findByPlaceholderText": [Function],
  "findByRole": [Function],
  "findByTestId": [Function],
  "findByText": [Function],
  "findByTitle": [Function],
  "getAllByAltText": [Function],
  "getAllByDisplayValue": [Function],
  "getAllByLabelText": [Function],
  "getAllByPlaceholderText": [Function],
  "getAllByRole": [Function],
  "getAllByTestId": [Function],
  "getAllByText": [Function],
  "getAllByTitle": [Function],
  "getByAltText": [Function],
  "getByDisplayValue": [Function],
  "getByLabelText": [Function],
  "getByPlaceholderText": [Function],
  "getByRole": [Function],
  "getByTestId": [Function],
  "getByText": [Function],
  "getByTitle": [Function],
  "queryAllByAltText": [Function],
  "queryAllByDisplayValue": [Function],
  "queryAllByLabelText": [Function],
  "queryAllByPlaceholderText": [Function],
  "queryAllByRole": [Function],
  "queryAllByTestId": [Function],
  "queryAllByText": [Function],
  "queryAllByTitle": [Function],
  "queryByAltText": [Function],
  "queryByDisplayValue": [Function],
  "queryByLabelText": [Function],
  "queryByPlaceholderText": [Function],
  "queryByRole": [Function],
  "queryByTestId": [Function],
  "queryByText": [Function],
  "queryByTitle": [Function],
  "rerender": [Function],
  "unmount": [Function],
}
`;
